// Jest Snapshot v1, https://goo.gl/fbAQLP

exports[`adds correct extensions 1`] = `
Object {
  "_proxy": Object {
    "statusCode": "123",
    "url": "http://a.b",
  },
  "extensions": Object {
    "proxy": Object {
      "statusCode": "123",
      "url": "http://a.b",
    },
  },
}
`;
